>>> add_integer = __import__("0-add_integer").add_integer
>>> add_integer(2, 2)
4
>>> add_integer(2, -1)
1
>>> add_integer(-2)
96
>>> add_integer(1)
99
>>> add_integer(0, 0)
0
>>> add_integer(-1000)
-902
>>> add_integer(.3333333, 0.2)
0
>>> add_integer("Holberton", 3)
Traceback (most recent call last):
TypeError: a must be an integer
>>> add_integer(None)
Traceback (most recent call last):
TypeError: a must be an integer
>>> add_integer(10, "Holberton")
Traceback (most recent call last):
TypeError: b must be an integer
